Information: Propagating switching activity (low effort zero delay simulation). (PWR-6)
Warning: Design has unannotated primary inputs. (PWR-414)
 
****************************************
Report : power
        -analysis_effort low
Design : divider
Version: R-2020.09-SP4
Date   : Sun Mar 24 23:33:42 2024
****************************************


Library(s) Used:

    tcbn40lpbwptc0d9_ccs (File: /home/ic/TechLib/TSMCN40_SYN/CCS/tcbn40lpbwptc0d9_ccs.db)


Operating Conditions: NC0D9COM   Library: tcbn40lpbwptc0d9_ccs
Wire Load Model Mode: segmented

Design        Wire Load Model            Library
------------------------------------------------
divider                ZeroWireload      tcbn40lpbwptc0d9_ccs


Global Operating Voltage = 0.9  
Power-specific unit information :
    Voltage Units = 1V
    Capacitance Units = 1.000000pf
    Time Units = 1ns
    Dynamic Power Units = 1mW    (derived from V,C,T units)
    Leakage Power Units = 1nW


  Cell Internal Power  =   0.0000 mW        
  Net Switching Power  =   0.0000 mW        
                         ---------
Total Dynamic Power    =   0.0000 mW        

Cell Leakage Power     =   4.0675 nW


                 Internal         Switching           Leakage            Total
Power Group      Power            Power               Power              Power   (   %    )  Attrs
--------------------------------------------------------------------------------------------------
io_pad             0.0000            0.0000            0.0000            0.0000  (   0.00%)
memory             0.0000            0.0000            0.0000            0.0000  (   0.00%)
black_box          0.0000            0.0000            0.0000            0.0000  (   0.00%)
clock_network      0.0000            0.0000            0.0000            0.0000  (   0.00%)
register           0.0000            0.0000            0.0000            0.0000  (   0.00%)
sequential         0.0000            0.0000            0.0000            0.0000  (   0.00%)
combinational      0.0000            0.0000            4.0658        4.0658e-06  ( 100.00%)
--------------------------------------------------------------------------------------------------
Total              0.0000 mW         0.0000 mW         4.0658 nW     4.0658e-06 mW
1
